// Jest Snapshot v1, https://goo.gl/fbAQLP

exports[`Lets Tour should render popover if open initially 1`] = `
<body>
  <div
    style="position: absolute; left: 0px; top: 0px; z-index: 100000;"
  >
    <div>
      Popover
    </div>
  </div>
  <div
    style="opacity: 0.7; left: 0px; top: 0px; position: fixed; z-index: 99999; pointer-events: none; color: rgb(0, 0, 0);"
  >
    <svg
      height="768"
      style="width: 1024px; height: 768px; left: 0px; top: 0px; position: fixed;"
      width="1024"
      xmlns="http://www.w3.org/2000/svg"
    >
      <defs>
        <mask
          id=":r0:"
        >
          <rect
            fill="white"
            height="768"
            width="1024"
            x="0"
            y="0"
          />
          <rect
            style="width: 20px; height: 20px; fill: black;"
          />
        </mask>
        <clippath
          id=":r1:"
        >
          <polygon
            points="0 0, 0 768, 0 768, 0 0, 20 0, 20 20, 0 20, 0 768, 1024 768, 1024 0"
          />
        </clippath>
      </defs>
      <rect
        style="width: 1024px; height: 768px; fill: currentColor; mask: url(#:r0:);"
      />
      <rect
        style="width: 1024px; height: 768px; fill: currentcolor; pointer-events: auto; clip-path: url(#:r1:);"
      />
      <rect
        style="width: 20px; height: 20px; pointer-events: auto; fill: transparent; display: none;"
      />
    </svg>
  </div>
  <div
    data-tour-step="1"
  >
    Step 1 Item
  </div>
  <div
    data-tour-step="2"
  >
    Step 2 Item
  </div>
  <button>
    Open Tour
  </button>
</body>
`;

exports[`Lets Tour should render without popover 1`] = `
<body>
  <div
    data-tour-step="1"
  >
    Step 1 Item
  </div>
  <div
    data-tour-step="2"
  >
    Step 2 Item
  </div>
  <button>
    Open Tour
  </button>
</body>
`;
